[goonlinetools.com/index.html]
[backblue.gif]
[fade.gif]
[index.html]
[goonlinetools.com/cdn-cgi/apps/head/V4B9DrHYTQcRylhqyWigNfP25u0.js]
[pagead2.googlesyndication.com/pagead/js/f35ed.txt]
[goonlinetools.com/favicon/favicon-16x16.png]
[goonlinetools.com/favicon/favicon-32x32.png]
[goonlinetools.com/favicon/apple-touch-icon.png]
[goonlinetools.com/_payload.js]
[goonlinetools.com/es/index.html]
[goonlinetools.com/id/index.html]
[goonlinetools.com/_nuxt/default.59f65c6c.js]
[goonlinetools.com/_nuxt/entry.ade07298.css]
[goonlinetools.com/_nuxt/composables.81b42008.js]
[goonlinetools.com/_nuxt/component.6fd50fe3.js]
[goonlinetools.com/_nuxt/asyncData.51a27acc.js]
[goonlinetools.com/_nuxt/Search.c4c29f84.js]
[goonlinetools.com/_nuxt/index.d1f3a0e4.js]
[goonlinetools.com/_nuxt/tools.98013ce6.js]
[goonlinetools.com/_nuxt/User.2f6d6a6c.js]
[goonlinetools.com/_nuxt/auth.ab07ab26.js]
[goonlinetools.com/_nuxt/index.288ba7ae.js]
[goonlinetools.com/_nuxt/components.87319648.js]
[goonlinetools.com/_nuxt/entry.71944e6b.js]
[goonlinetools.com/_nuxt/Native.0568e673.js]
[goonlinetools.com/_nuxt/native-ad.fcebfdd7.js]
[goonlinetools.com/_nuxt/avoid-loggedin.2a51a7a5.js]
[goonlinetools.com/_nuxt/avoid-loggedout.4e27120a.js]
[goonlinetools.com/_nuxt/error-component.5b0a87e6.js]
[goonlinetools.com/logo.png]
[goonlinetools.com/index.html]
[www.googletagmanager.com/gtm5445.html]
[goonlinetools.com/online-clipboard/index.html]
[goonlinetools.com/deals/index.html]
[goonlinetools.com/blog/index.html]
[goonlinetools.com/es/_payload.js]
[goonlinetools.com/about/index.html]
[goonlinetools.com/disclaimer/index.html]
[goonlinetools.com/privacy-policy/index.html]
[goonlinetools.com/_nuxt/index.7360c6d3.js]
[goonlinetools.com/contact/index.html]
[goonlinetools.com/es/index.html]
[goonlinetools.com/_nuxt/tools.ab6b4f81.js]
[goonlinetools.com/id/_payload.js]
[goonlinetools.com/_nuxt/index.8116d802.js]
[goonlinetools.com/id/index.html]
[goonlinetools.com/_nuxt/entry.ade07298.css]
[goonlinetools.com/_nuxt/tools.5561dd61.js]
[goonlinetools.com/online-clipboard/_payload.js]
[goonlinetools.com/_nuxt/online-clipboard.a1beb283.js]
[goonlinetools.com/_nuxt/online-clipboard.06d06165.css]
[goonlinetools.com/_nuxt/Details.d8e66f71.js]
[goonlinetools.com/_nuxt/Side.54ab2737.js]
[goonlinetools.com/_nuxt/Container.579521f7.js]
[goonlinetools.com/_nuxt/Center.8b9f44eb.js]
[goonlinetools.com/_nuxt/vue3-clipboard-es.62b9b053.js]
[goonlinetools.com/online-clipboard/index.html]
[goonlinetools.com/_nuxt/Share.cb837ea8.js]
[goonlinetools.com/deals/_payload.js]
[goonlinetools.com/_nuxt/deals.85ed5e1e.js]
[app.goonlinetools.com/wp-content/uploads/2022/05/241983755_4447355288644297_1558431011207536847_n.jpg]
[app.goonlinetools.com/wp-content/uploads/2022/06/visme-logo.png]
[app.goonlinetools.com/wp-content/uploads/2022/06/snappa.png]
[app.goonlinetools.com/wp-content/uploads/2022/11/adobe-express.png]
[app.goonlinetools.com/wp-content/uploads/2022/11/Adobe-Photoshop.png]
[app.goonlinetools.com/wp-content/uploads/2022/11/Adobe-Illustrator.png]
[app.goonlinetools.com/wp-content/uploads/2022/11/nordvpn.png]
[app.goonlinetools.com/wp-content/uploads/2022/11/atlasvpn.jpg]
[app.goonlinetools.com/wp-content/uploads/2022/11/semrush.jpg]
[app.goonlinetools.com/wp-content/uploads/2022/11/hostinger.png]
[app.goonlinetools.com/wp-content/uploads/2021/03/download.png]
[app.goonlinetools.com/wp-content/uploads/2021/03/squarespace.png]
[app.goonlinetools.com/wp-content/uploads/2021/03/domain.png]
[app.goonlinetools.com/wp-content/uploads/2021/03/g0wipqhbt9udqeb1rdcb.png]
[app.goonlinetools.com/wp-content/uploads/2021/03/linode.png]
[goonlinetools.com/deals/index.html]
[goonlinetools.com/blog/_payload.js]
[goonlinetools.com/_nuxt/index.9e87a94a.js]
[goonlinetools.com/_nuxt/fetch.5349f18e.js]
[app.goonlinetools.com/wp-content/uploads/2022/12/Vue-JS-Project-Ideas-for-begineers.png]
[app.goonlinetools.com/wp-content/uploads/2022/11/writing-skills.png]
[app.goonlinetools.com/wp-content/uploads/2022/11/Free-Writing-Tools-for-a-Better-Essay.png]
[app.goonlinetools.com/wp-content/uploads/2022/11/Untitled-design-29.png]
[app.goonlinetools.com/wp-content/uploads/2022/11/Fantastic-Apps-for-College-Application-Essay-Writing.png]
[app.goonlinetools.com/wp-content/uploads/2022/11/Best-Online-Plagiarism-Checkers-for-Students.png]
[goonlinetools.com/blog/vue-js-project-ideas-for-beginners/index.html]
[goonlinetools.com/blog/writing-skills/index.html]
[app.goonlinetools.com/wp-content/uploads/2022/11/Untitled-design-28.png]
[app.goonlinetools.com/wp-content/uploads/2022/11/VoIP-vs-Landline.png]
[app.goonlinetools.com/wp-content/uploads/2022/11/image-e1667742621835.jpg]
[goonlinetools.com/blog/free-writing-tools-for-a-better-essay/index.html]
[app.goonlinetools.com/wp-content/uploads/2022/11/tools-to-edit-picture-online.png]
[app.goonlinetools.com/wp-content/uploads/2022/07/Untitled-design-11-1.png]
[goonlinetools.com/blog/top-6-technological-programs-that-can-help-generate-a-conclusion-for-an-essay/index.html]
[app.goonlinetools.com/wp-content/uploads/2022/10/speech-writing.png]
[goonlinetools.com/blog/apps-for-college-application-essay-writing/index.html]
[app.goonlinetools.com/wp-content/uploads/2022/10/best-writing-searvices.png]
[app.goonlinetools.com/wp-content/uploads/2022/09/Reasons-to-Hire-a-Dedicated-Development-Team-In-Canada.png]
[app.goonlinetools.com/wp-content/uploads/2022/09/image1.jpg]
[goonlinetools.com/blog/best-online-plagiarism-checkers-for-students/index.html]
[app.goonlinetools.com/wp-content/uploads/2022/09/Pinterest-Video-Downloader.png]
[app.goonlinetools.com/wp-content/uploads/2022/08/image-2.png]
[app.goonlinetools.com/wp-content/uploads/2022/08/Helpful-Services-to-Use-in-Studies-.png]
[app.goonlinetools.com/wp-content/uploads/2022/08/Travel-Destinations-For-Students.png]
[goonlinetools.com/blog/what-is-hacking-and-how-can-it-affect-your-website-and-devices/index.html]
[goonlinetools.com/blog/what-opportunities-does-an-mba-degree-open-for-you/index.html]
[goonlinetools.com/blog/voip-vs-landline/index.html]
[app.goonlinetools.com/wp-content/uploads/2022/08/math-apps.png]
[goonlinetools.com/blog/tools-to-edit-pictures-online/index.html]
[app.goonlinetools.com/wp-content/uploads/2022/08/How-to-Check-Your-Credit-Score-Online.png]
[goonlinetools.com/blog/unique-speech-writing-tips-for-college-students/index.html]
[goonlinetools.com/blog/using-groundbreaking-technology-to-engage-students-in-class/index.html]
[app.goonlinetools.com/wp-content/uploads/2022/08/Tips-to-Keep-You-Safe-From-a-Malware-Attack.png]
[goonlinetools.com/blog/reasons-to-hire-a-dedicated-development-team-in-canada/index.html]
[app.goonlinetools.com/wp-content/uploads/2022/08/Why-PDFs-Are-Still-So-Popular.png]
[goonlinetools.com/blog/how-the-development-of-digital-technology-has-affected-students/index.html]
[goonlinetools.com/blog/best-writing-services/index.html]
[app.goonlinetools.com/wp-content/uploads/2022/08/Primary-Benefits-of-Business-Analytics-And-Business-Intelligence-Solutions-in-The-Retail-Sector.png]
[goonlinetools.com/blog/popular-outlook-address-book-problems-and-how-to-fix-them/index.html]
[goonlinetools.com/blog/best-pinterest-video-downloader/index.html]
[goonlinetools.com/blog/helpful-services-to-use-in-studies/index.html]
[goonlinetools.com/blog/popular-travel-destinations-for-students/index.html]
[app.goonlinetools.com/wp-content/uploads/2022/08/Best-Writing-Tools.png]
[goonlinetools.com/blog/how-to-check-your-credit-score-online/index.html]
[goonlinetools.com/blog/math-apps/index.html]
[app.goonlinetools.com/wp-content/uploads/2022/07/Best-Online-Tools-for-Running-a-Profitable-Website.png]
[goonlinetools.com/blog/why-pdfs-are-so-popular/index.html]
[goonlinetools.com/blog/tips-to-keep-you-safe-from-a-malware-attack/index.html]
[app.goonlinetools.com/wp-content/uploads/2022/07/Coaching-Apps-and-Software-to-Upgrade-Your-Practice.png]
[app.goonlinetools.com/wp-content/uploads/2022/07/Reverse-Phone-Lookup.png]
[app.goonlinetools.com/wp-content/uploads/2022/07/8-things-to-consider-if-you-decide-to-build-your-own-fitness-app.png]
[goonlinetools.com/blog/benefits-of-business-analytics-and-business-intelligence-solutions-in-the-retail-sector/index.html]
[app.goonlinetools.com/wp-content/uploads/2022/07/Untitled-design-11.png]
[goonlinetools.com/blog/best-writing-tools/index.html]
[app.goonlinetools.com/wp-content/uploads/2022/06/Xamarin-vs-Flutter.png]
[app.goonlinetools.com/wp-content/uploads/2022/06/Top-5-Network-Performance-Monitoring-Tools.png]
[goonlinetools.com/blog/best-online-tools-for-running-a-profitable-website/index.html]
[app.goonlinetools.com/wp-content/uploads/2022/05/Best-Free-Tools-for-Students.png]
[goonlinetools.com/blog/coaching-apps-and-software/index.html]
[app.goonlinetools.com/wp-content/uploads/2022/02/Top-Social-Media-Trends-2022-1.png]
[app.goonlinetools.com/wp-content/uploads/2022/01/How-File-Servers-are-Still-Relevant-in-the-Age-of-Cloud-Computing.png]
[goonlinetools.com/blog/reverse-phone-lookup/index.html]
[app.goonlinetools.com/wp-content/uploads/2021/12/Tools-and-frameworks-needed-to-create-a-REST-API.png]
[app.goonlinetools.com/wp-content/uploads/2021/11/sql-server.jpg]
[app.goonlinetools.com/wp-content/uploads/2021/05/Best-free-video-editor-.png]
[goonlinetools.com/blog/8-things-to-consider-if-you-decide-to-build-your-own-fitness-app/index.html]
[app.goonlinetools.com/wp-content/uploads/2021/02/Best-facebook-video-downloader.jpg]
[app.goonlinetools.com/wp-content/uploads/2021/02/0bd195f9-04a5-419c-ace0-5c691a9deb26_Best_20youtube_20video_20downloader_poswjl.png]
[app.goonlinetools.com/wp-content/uploads/2021/02/cc0465ed-399a-4e2b-bbf9-4227e161d9fe_Google_Chrome_faster_o0upuw.jpg]
[app.goonlinetools.com/wp-content/uploads/2021/02/fdb8664e-df4e-4d71-9f90-291fae01377f_thumbnil_dlzg3u.jpg]
[goonlinetools.com/blog/ways-to-stay-on-track-with-your-online-course/index.html]
[app.goonlinetools.com/wp-content/uploads/2021/02/ab6e15a6-e799-4b0b-bade-7c8f5f37e8bb_Best-Online-Video-Downloading-Sites_s0gqlo.png]
[app.goonlinetools.com/wp-content/uploads/2021/02/f973f4dc-f33b-4c3e-a1ae-3d4e7c9be120_A_quick_guide_to_understanding_the_concept_of_coding_test_py8ttp.png]
[app.goonlinetools.com/wp-content/uploads/2021/02/75b745af-a633-4877-9e0a-718dbde50bc6_Best_Instagram_Video_Downloader_b8fbye.png]
[goonlinetools.com/blog/xamarin-vs-flutter/index.html]
[app.goonlinetools.com/wp-content/uploads/2021/02/89656a95-ed30-4479-bf18-ee970fb4bae0_OCR_Tools_lzmu7p.png]
[app.goonlinetools.com/wp-content/uploads/2021/02/afce853c-33b2-45bb-ba55-5bc5ee1708bc_compressed_2_n4pvgs.jpg]
[app.goonlinetools.com/wp-content/uploads/2021/02/5a1241bf-b1a8-46ce-959d-0c9cf84589ab_landingpagedesigntips.png]
[goonlinetools.com/blog/index.html]
[goonlinetools.com/blog/best-free-tools-for-students/index.html]
[goonlinetools.com/blog/network-performance-monitoring-tools/index.html]
[goonlinetools.com/blog/top-social-media-trends/index.html]
[goonlinetools.com/about/_payload.js]
[goonlinetools.com/blog/how-file-servers-are-still-relevant-in-the-age-of-cloud-computing/index.html]
[goonlinetools.com/blog/tools-frameworks-needed-to-create-rest-api/index.html]
[goonlinetools.com/blog/pros-having-high-availability-disaster-recovery-in-place-for-sql-server/index.html]
[goonlinetools.com/blog/best-free-video-editor/index.html]
[goonlinetools.com/_nuxt/about.dea546e2.js]
[goonlinetools.com/blog/best-facebook-video-downloader/index.html]
[goonlinetools.com/blog/best-youtube-video-downloader/index.html]
[goonlinetools.com/blog/best-online-photo-editor/index.html]
[goonlinetools.com/blog/best-online-video-downloading-sites/index.html]
[goonlinetools.com/blog/best-ways-to-make-your-google-chrome-faster/index.html]
[goonlinetools.com/donation.png]
[goonlinetools.com/about/index.html]
[goonlinetools.com/blog/a-quick-guide-to-understanding-the-concept-of-coding-test/index.html]
[goonlinetools.com/blog/best-instagram-video-downloader/index.html]
[goonlinetools.com/blog/5-best-free-ocr-tools-to-convert-images-into-text-easily/index.html]
[goonlinetools.com/blog/tips-for-landing-page-design-by-industry-leading-experts/index.html]
[goonlinetools.com/blog/4-steps-to-optimize-images-for-your-blog/index.html]
[goonlinetools.com/privacy-policy/_payload.js]
[goonlinetools.com/_nuxt/privacy-policy.726c08a3.js]
[goonlinetools.com/cdn-cgi/l/email-protection.html]
[goonlinetools.com/privacy-policy/index.html]
[goonlinetools.com/cdn-cgi/scripts/5c5dd728/cloudflare-static/email-decode.min.js]
[goonlinetools.com/disclaimer/_payload.js]
[goonlinetools.com/disclaimer/index.html]
[goonlinetools.com/_nuxt/disclaimer.2fb4f71a.js]
[goonlinetools.com/contact/_payload.js]
[goonlinetools.com/contact/index.html]
[goonlinetools.com/_nuxt/online-clipboard.06d06165.css]
[goonlinetools.com/_nuxt/contact.d09b57f4.js]
[goonlinetools.com/blog/vue-js-project-ideas-for-beginners/_payload.js]
[goonlinetools.com/blog/vue-js-project-ideas-for-beginners/index.html]
[goonlinetools.com/_nuxt/_slug_.5124ff34.js]
[goonlinetools.com/blog/writing-skills/_payload.js]
[goonlinetools.com/js-formatter/index.html]
[img.freepik.com/premium-photo/coworking-colleagues-working-home-concept-two-female-students-discussing-working_638185-2900eebb.jpg]
[img.freepik.com/premium-photo/woman-with-dreadlocks-reading-writing-some-papers-sitting-couch-table-with-laptop_175356-11869eebb.jpg]
[goonlinetools.com/blog/writing-skills/index.html]
[goonlinetools.com/blog/free-writing-tools-for-a-better-essay/index.html]
[goonlinetools.com/blog/free-writing-tools-for-a-better-essay/_payload.js]
[goonlinetools.com/blog/top-6-technological-programs-that-can-help-generate-a-conclusion-for-an-essay/_payload.js]
[app.goonlinetools.com/wp-content/uploads/2022/11/image-3-1024x682.jpg]
[app.goonlinetools.com/wp-content/uploads/2022/11/Untitled-design-29-1024x576.png]
[goonlinetools.com/blog/top-6-technological-programs-that-can-help-generate-a-conclusion-for-an-essay/index.html]
[goonlinetools.com/blog/apps-for-college-application-essay-writing/index.html]
[goonlinetools.com/blog/apps-for-college-application-essay-writing/_payload.js]
[goonlinetools.com/blog/best-online-plagiarism-checkers-for-students/_payload.js]
[app.goonlinetools.com/wp-content/uploads/2022/11/image-2-1024x712.jpg]
[app.goonlinetools.com/wp-content/uploads/2022/11/image-1-1024x682.jpg]
[goonlinetools.com/blog/best-online-plagiarism-checkers-for-students/index.html]
[goonlinetools.com/blog/what-is-hacking-and-how-can-it-affect-your-website-and-devices/index.html]
[goonlinetools.com/blog/what-is-hacking-and-how-can-it-affect-your-website-and-devices/_payload.js]
[goonlinetools.com/blog/voip-vs-landline/index.html]
[goonlinetools.com/random-password-generator/index.html]
[goonlinetools.com/blog/voip-vs-landline/_payload.js]
[goonlinetools.com/blog/what-opportunities-does-an-mba-degree-open-for-you/_payload.js]
[app.goonlinetools.com/wp-content/uploads/2022/11/image.jpg]
[goonlinetools.com/blog/what-opportunities-does-an-mba-degree-open-for-you/index.html]
[goonlinetools.com/blog/tools-to-edit-pictures-online/index.html]
[goonlinetools.com/blog/tools-to-edit-pictures-online/_payload.js]
[goonlinetools.com/blog/using-groundbreaking-technology-to-engage-students-in-class/index.html]
[goonlinetools.com/blog/using-groundbreaking-technology-to-engage-students-in-class/_payload.js]
[goonlinetools.com/blog/unique-speech-writing-tips-for-college-students/_payload.js]
[app.goonlinetools.com/wp-content/uploads/2022/10/image.jpg]
[goonlinetools.com/blog/unique-speech-writing-tips-for-college-students/index.html]
[goonlinetools.com/blog/best-writing-services/index.html]
[goonlinetools.com/blog/best-writing-services/_payload.js]
[goonlinetools.com/blog/reasons-to-hire-a-dedicated-development-team-in-canada/index.html]
[goonlinetools.com/blog/reasons-to-hire-a-dedicated-development-team-in-canada/_payload.js]
[goonlinetools.com/blog/how-the-development-of-digital-technology-has-affected-students/index.html]
[goonlinetools.com/blog/how-the-development-of-digital-technology-has-affected-students/_payload.js]
[goonlinetools.com/blog/best-pinterest-video-downloader/_payload.js]
[app.goonlinetools.com/wp-content/uploads/2022/09/image-1024x510.png]
[app.goonlinetools.com/wp-content/uploads/2022/09/image-1-1024x452.png]
[app.goonlinetools.com/wp-content/uploads/2022/09/image-2-1024x507.png]
[app.goonlinetools.com/wp-content/uploads/2022/09/image-3-1024x463.png]
[app.goonlinetools.com/wp-content/uploads/2022/09/image-4-1024x435.png]
[app.goonlinetools.com/wp-content/uploads/2022/09/image-5-1024x493.png]
[goonlinetools.com/blog/best-pinterest-video-downloader/index.html]
[goonlinetools.com/blog/popular-outlook-address-book-problems-and-how-to-fix-them/_payload.js]
[app.goonlinetools.com/wp-content/uploads/2022/08/image-3.png]
[goonlinetools.com/blog/popular-outlook-address-book-problems-and-how-to-fix-them/index.html]
[goonlinetools.com/blog/helpful-services-to-use-in-studies/index.html]
[goonlinetools.com/blog/helpful-services-to-use-in-studies/_payload.js]
[goonlinetools.com/blog/popular-travel-destinations-for-students/_payload.js]
[app.goonlinetools.com/wp-content/uploads/2022/08/image-1.png]
[goonlinetools.com/blog/popular-travel-destinations-for-students/index.html]
[goonlinetools.com/blog/math-apps/index.html]
[goonlinetools.com/blog/math-apps/_payload.js]
[goonlinetools.com/blog/how-to-check-your-credit-score-online/index.html]
[goonlinetools.com/blog/how-to-check-your-credit-score-online/_payload.js]
[goonlinetools.com/blog/tips-to-keep-you-safe-from-a-malware-attack/_payload.js]
[app.goonlinetools.com/wp-content/uploads/2022/08/image.png]
[goonlinetools.com/blog/tips-to-keep-you-safe-from-a-malware-attack/index.html]
[goonlinetools.com/random-ip-generator/index.html]
[goonlinetools.com/blog/why-pdfs-are-so-popular/index.html]
[goonlinetools.com/blog/why-pdfs-are-so-popular/_payload.js]
[goonlinetools.com/blog/benefits-of-business-analytics-and-business-intelligence-solutions-in-the-retail-sector/index.html]
[goonlinetools.com/blog/benefits-of-business-analytics-and-business-intelligence-solutions-in-the-retail-sector/_payload.js]
[goonlinetools.com/blog/best-writing-tools/index.html]
[goonlinetools.com/blog/best-writing-tools/_payload.js]
[goonlinetools.com/blog/best-online-tools-for-running-a-profitable-website/index.html]
[goonlinetools.com/blog/best-online-tools-for-running-a-profitable-website/_payload.js]
[goonlinetools.com/blog/coaching-apps-and-software/_payload.js]
[app.goonlinetools.com/wp-content/uploads/2022/07/image-1024x683.png]
[goonlinetools.com/blog/coaching-apps-and-software/index.html]
[goonlinetools.com/blog/reverse-phone-lookup/index.html]
[goonlinetools.com/blog/reverse-phone-lookup/_payload.js]
[goonlinetools.com/blog/8-things-to-consider-if-you-decide-to-build-your-own-fitness-app/index.html]
[goonlinetools.com/blog/8-things-to-consider-if-you-decide-to-build-your-own-fitness-app/_payload.js]
[goonlinetools.com/blog/ways-to-stay-on-track-with-your-online-course/index.html]
[goonlinetools.com/blog/ways-to-stay-on-track-with-your-online-course/_payload.js]
[goonlinetools.com/blog/xamarin-vs-flutter/index.html]
[goonlinetools.com/blog/xamarin-vs-flutter/_payload.js]
[goonlinetools.com/blog/network-performance-monitoring-tools/index.html]
[goonlinetools.com/blog/network-performance-monitoring-tools/_payload.js]
[goonlinetools.com/blog/best-free-tools-for-students/_payload.js]
[app.goonlinetools.com/wp-content/uploads/2022/05/image.jpg]
[app.goonlinetools.com/wp-content/uploads/2022/05/image-1.jpg]
[goonlinetools.com/blog/best-free-tools-for-students/index.html]
[goonlinetools.com/blog/top-social-media-trends/index.html]
[goonlinetools.com/blog/top-social-media-trends/_payload.js]
[goonlinetools.com/blog/how-file-servers-are-still-relevant-in-the-age-of-cloud-computing/index.html]
[goonlinetools.com/blog/how-file-servers-are-still-relevant-in-the-age-of-cloud-computing/_payload.js]
[goonlinetools.com/blog/tools-frameworks-needed-to-create-rest-api/_payload.js]
[app.goonlinetools.com/wp-content/uploads/2021/12/image-5-1024x682.png]
[goonlinetools.com/blog/tools-frameworks-needed-to-create-rest-api/index.html]
[goonlinetools.com/blog/pros-having-high-availability-disaster-recovery-in-place-for-sql-server/_payload.js]
[app.goonlinetools.com/wp-content/uploads/2021/11/image-1024x682.png]
[goonlinetools.com/blog/pros-having-high-availability-disaster-recovery-in-place-for-sql-server/index.html]
[goonlinetools.com/php-beautifier/index.html]
[goonlinetools.com/sql-formatter/index.html]
[goonlinetools.com/blog/best-free-video-editor/_payload.js]
[app.goonlinetools.com/wp-content/uploads/2022/09/image-6-1024x496.png]
[app.goonlinetools.com/wp-content/uploads/2021/06/Screenshot-2021-06-20-153826-1024x464.jpg]
[app.goonlinetools.com/wp-content/uploads/2021/05/videopad-1024x345.jpg]
[app.goonlinetools.com/wp-content/uploads/2021/05/invideo-1024x522.jpg]
[app.goonlinetools.com/wp-content/uploads/2021/05/adobe-1024x444.jpg]
[app.goonlinetools.com/wp-content/uploads/2021/05/image-1024x505.png]
[app.goonlinetools.com/wp-content/uploads/2021/05/image-1-1024x333.png]
[app.goonlinetools.com/wp-content/uploads/2021/05/image-2-1024x511.png]
[app.goonlinetools.com/wp-content/uploads/2021/05/image-3-1024x584.png]
[app.goonlinetools.com/wp-content/uploads/2021/05/image-4-1024x362.png]
[goonlinetools.com/blog/best-free-video-editor/index.html]
[goonlinetools.com/blog/best-facebook-video-downloader/_payload.js]
[app.goonlinetools.com/wp-content/uploads/2021/02/image-35-1024x497.png]
[app.goonlinetools.com/wp-content/uploads/2021/02/image-34-1024x496.png]
[app.goonlinetools.com/wp-content/uploads/2021/02/image-33-1024x497.png]
[app.goonlinetools.com/wp-content/uploads/2021/02/image-32-1024x497.png]
[app.goonlinetools.com/wp-content/uploads/2021/02/image-31-1024x497.png]
[app.goonlinetools.com/wp-content/uploads/2021/02/image-30-1024x498.png]
[app.goonlinetools.com/wp-content/uploads/2021/02/image-29-1024x484.png]
[app.goonlinetools.com/wp-content/uploads/2021/02/image-28-1024x494.png]
[goonlinetools.com/blog/best-facebook-video-downloader/index.html]
[goonlinetools.com/blog/best-youtube-video-downloader/_payload.js]
[app.goonlinetools.com/wp-content/uploads/2021/05/dvdvideosoft-1024x498.jpg]
[app.goonlinetools.com/wp-content/uploads/2021/02/image-27-1024x498.png]
[app.goonlinetools.com/wp-content/uploads/2022/01/download-original-online-video-music.jpg]
[app.goonlinetools.com/wp-content/uploads/2021/02/image-3-1024x495.jpg]
[app.goonlinetools.com/wp-content/uploads/2021/02/image-26-1024x502.png]
[app.goonlinetools.com/wp-content/uploads/2021/02/image-25-1024x502.png]
[app.goonlinetools.com/wp-content/uploads/2021/02/image-24-1024x501.png]
[app.goonlinetools.com/wp-content/uploads/2021/02/image-23-1024x502.png]
[app.goonlinetools.com/wp-content/uploads/2021/02/image-2-1024x458.jpg]
[app.goonlinetools.com/wp-content/uploads/2021/02/image-1024x497.jpg]
[app.goonlinetools.com/wp-content/uploads/2021/02/image-1-1024x458.jpg]
[app.goonlinetools.com/wp-content/uploads/2021/02/image-22-1024x501.png]
[app.goonlinetools.com/wp-content/uploads/2021/02/image-1024x458.jpg]
[goonlinetools.com/blog/best-youtube-video-downloader/index.html]
[goonlinetools.com/blog/best-ways-to-make-your-google-chrome-faster/index.html]
[goonlinetools.com/blog/best-ways-to-make-your-google-chrome-faster/_payload.js]
[goonlinetools.com/blog/best-online-photo-editor/_payload.js]
[app.goonlinetools.com/wp-content/uploads/2022/11/image.png]
[app.goonlinetools.com/wp-content/uploads/2021/02/image-21-1024x497-1.jpg]
[app.goonlinetools.com/wp-content/uploads/2021/02/image-20-1024x497-1.jpg]
[app.goonlinetools.com/wp-content/uploads/2021/02/image-19-1024x497.png]
[goonlinetools.com/online-photo-editor/index.html]
[app.goonlinetools.com/wp-content/uploads/2021/02/image-18-1024x497-1.jpg]
[app.goonlinetools.com/wp-content/uploads/2021/02/image-17-1024x497-1.jpg]
[app.goonlinetools.com/wp-content/uploads/2021/02/image-16-1024x497-1.jpg]
[app.goonlinetools.com/wp-content/uploads/2021/02/image-15-1024x497-1.jpg]
[app.goonlinetools.com/wp-content/uploads/2021/02/image-14-1024x497-1.jpg]
[goonlinetools.com/blog/best-online-photo-editor/index.html]
[goonlinetools.com/blog/best-online-video-downloading-sites/index.html]
[goonlinetools.com/blog/best-online-video-downloading-sites/_payload.js]
[goonlinetools.com/blog/a-quick-guide-to-understanding-the-concept-of-coding-test/index.html]
[goonlinetools.com/blog/a-quick-guide-to-understanding-the-concept-of-coding-test/_payload.js]
[goonlinetools.com/blog/best-instagram-video-downloader/_payload.js]
[app.goonlinetools.com/wp-content/uploads/2021/02/image-13-1024x496.png]
[app.goonlinetools.com/wp-content/uploads/2021/02/image-12-1024x217.png]
[app.goonlinetools.com/wp-content/uploads/2021/02/image-11-1024x222.png]
[app.goonlinetools.com/wp-content/uploads/2021/02/image-10.png]
[app.goonlinetools.com/wp-content/uploads/2021/02/image-9.png]
[app.goonlinetools.com/wp-content/uploads/2021/02/image-8.png]
[app.goonlinetools.com/wp-content/uploads/2021/02/image-7-1024x355.png]
[app.goonlinetools.com/wp-content/uploads/2021/02/image-6.png]
[app.goonlinetools.com/wp-content/uploads/2021/02/image-5.png]
[goonlinetools.com/blog/best-instagram-video-downloader/index.html]
[goonlinetools.com/blog/5-best-free-ocr-tools-to-convert-images-into-text-easily/_payload.js]
[app.goonlinetools.com/wp-content/uploads/2021/02/image.png]
[app.goonlinetools.com/wp-content/uploads/2021/02/image-1.png]
[app.goonlinetools.com/wp-content/uploads/2021/02/image-2-1024x375.png]
[app.goonlinetools.com/wp-content/uploads/2021/02/image-3-1024x408.png]
[app.goonlinetools.com/wp-content/uploads/2021/02/image-4-1024x337.png]
[goonlinetools.com/blog/5-best-free-ocr-tools-to-convert-images-into-text-easily/index.html]
[goonlinetools.com/blog/4-steps-to-optimize-images-for-your-blog/_payload.js]
[images.prismic.io/goonlinetools/64b528d5-ec3f-4fc9-bf63-078ce52c9ba0_average-bytes-per-page-1_lkhfhk.png]
[goonlinetools.com/blog/4-steps-to-optimize-images-for-your-blog/index.html]
[goonlinetools.com/blog/tips-for-landing-page-design-by-industry-leading-experts/index.html]
[goonlinetools.com/cdn-cgi/l/email-protection.html]
[goonlinetools.com/blog/tips-for-landing-page-design-by-industry-leading-experts/_payload.js]
[goonlinetools.com/js-formatter/_payload.js]
[goonlinetools.com/_nuxt/js-formatter.0100432f.js]
[goonlinetools.com/_nuxt/index.7ef96046.js]
[goonlinetools.com/_nuxt/index.66afac25.js]
[goonlinetools.com/_nuxt/index.03d305ad.js]
[goonlinetools.com/js-formatter/index.html]
[goonlinetools.com/_nuxt/index.faf1a7bd.js]
[goonlinetools.com/random-password-generator/_payload.js]
[goonlinetools.com/fr/mot-de-passe-aleatoire/index.html]
[goonlinetools.com/_nuxt/random-password-generator.2621b4da.js]
[goonlinetools.com/random-password-generator/index.html]
[goonlinetools.com/_nuxt/index.1a9e46b3.js]
[goonlinetools.com/random-ip-generator/_payload.js]
[goonlinetools.com/random-ip-generator/index.html]
[goonlinetools.com/_nuxt/random-ip-generator.b5a33ab6.js]
[unpkg.com/prettier/standalone.10c.delayed]
[unpkg.com/prettier@2.8.1/standalone.js]
[unpkg.com/@prettier/plugin-php/standalone.10e.delayed]
[unpkg.com/@prettier/plugin-php@0.19.2/standalone.js]
[goonlinetools.com/php-beautifier/_payload.js]
[goonlinetools.com/_nuxt/php-beautifier.6f8d7822.js]
[goonlinetools.com/_nuxt/index.a67fa5f2.js]
[goonlinetools.com/_nuxt/index.367f237f.js]
[goonlinetools.com/php-beautifier/index.html]
[goonlinetools.com/_nuxt/index.c010b00b.js]
[goonlinetools.com/sql-formatter/_payload.js]
[goonlinetools.com/sql-formatter/index.html]
[goonlinetools.com/_nuxt/sql-formatter.9049ffd6.js]
[goonlinetools.com/online-photo-editor/_payload.js]
[goonlinetools.com/online-photo-editor/index.html]
[goonlinetools.com/_nuxt/online-photo-editor.db39b47d.js]
[goonlinetools.com/fr/mot-de-passe-aleatoire/_payload.js]
[goonlinetools.com/fr/mot-de-passe-aleatoire/index.html]
[goonlinetools.com/_nuxt/mot-de-passe-aleatoire.781aa61a.js]
